// Vitest Snapshot v1, https://vitest.dev/guide/snapshot.html

exports[`digest — model snapshot > richDay 1`] = `
[
  {
    "blocks": [
      {
        "kind": "para",
        "text": "26 July 2026 closed at 3pm. 3,825 units moved and we cannot place 78 of them. Another 305 are on the floor but written up wrong.",
      },
    ],
    "id": "opening",
  },
  {
    "blocks": [
      {
        "columns": [
          {
            "label": "City",
          },
          {
            "align": "right",
            "label": "Units moved",
          },
          {
            "align": "right",
            "label": "At risk",
          },
          {
            "label": "vs last week",
          },
          {
            "label": "Guard register",
          },
        ],
        "footnote": "Bangalore and Hyderabad were checked against three records, not four, so their at-risk numbers are not comparable with the rest.",
        "kind": "table",
        "rows": [
          [
            {
              "text": "Delhi",
            },
            {
              "align": "right",
              "text": "1,204",
            },
            {
              "align": "right",
              "strong": true,
              "text": "34",
              "tone": "danger",
            },
            {
              "text": "—",
              "tone": "muted",
            },
            {
              "text": "Received",
              "tone": "muted",
            },
          ],
          [
            {
              "text": "Bangalore",
            },
            {
              "align": "right",
              "text": "861",
            },
            {
              "align": "right",
              "strong": true,
              "text": "22",
              "tone": "danger",
            },
            {
              "text": "—",
              "tone": "muted",
            },
            {
              "text": "Not received",
              "tone": "danger",
            },
          ],
          [
            {
              "text": "Mumbai",
            },
            {
              "align": "right",
              "text": "742",
            },
            {
              "align": "right",
              "strong": true,
              "text": "12",
              "tone": "danger",
            },
            {
              "text": "—",
              "tone": "muted",
            },
            {
              "text": "Not read yet",
              "tone": "warn",
            },
          ],
          [
            {
              "text": "Pune",
            },
            {
              "align": "right",
              "text": "520",
            },
            {
              "align": "right",
              "strong": true,
              "text": "6",
              "tone": "danger",
            },
            {
              "text": "—",
              "tone": "muted",
            },
            {
              "text": "Received",
              "tone": "muted",
            },
          ],
          [
            {
              "text": "Hyderabad",
            },
            {
              "align": "right",
              "text": "498",
            },
            {
              "align": "right",
              "strong": true,
              "text": "4",
              "tone": "danger",
            },
            {
              "text": "—",
              "tone": "muted",
            },
            {
              "text": "Unreadable",
              "tone": "danger",
            },
          ],
        ],
      },
    ],
    "id": "cities",
    "title": "By city",
  },
  {
    "blocks": [
      {
        "items": [
          {
            "sub": "Warehouse team",
            "text": "System-Only Entry — 56 units (Delhi 31, Bangalore 25). Odoo booked a customer movement today that nobody at the gate, on the sheet or in the app saw. Confirm the unit moved, or cancel the Odoo entry.",
            "tone": "danger",
          },
          {
            "sub": "Warehouse team",
            "text": "Off-System Movement — 11 units (Delhi 7, Mumbai 4). Trace the unit, then record it on the sheet, the app and Odoo.",
            "tone": "danger",
          },
          {
            "sub": "Ops team",
            "text": "Unclosed Return — 6 units (Pune 4). Find the unit and write it into the inward register.",
            "tone": "danger",
          },
        ],
        "kind": "list",
      },
      {
        "kind": "para",
        "text": "+3 more kinds of item — see the dashboard.",
        "tone": "muted",
      },
    ],
    "id": "actions",
    "title": "Do this today",
  },
  {
    "blocks": [
      {
        "kind": "para",
        "text": "The other 612 items open today need nothing from anyone.",
        "tone": "muted",
      },
    ],
    "id": "footer",
  },
  {
    "blocks": [
      {
        "href": "https://auto-reco.vercel.app/dashboard",
        "kind": "cta",
        "label": "Open all 995 items on the dashboard",
      },
    ],
    "id": "link",
  },
]
`;
