// Vitest Snapshot v1, https://vitest.dev/guide/snapshot.html

exports[`digest — model snapshot > richDay 1`] = `
[
  {
    "blocks": [
      {
        "href": "https://auto-reco.vercel.app/dashboard",
        "kind": "cta",
        "label": "View in dashboard",
      },
    ],
    "id": "link",
  },
]
`;

exports[`digest — model snapshot > threePart 1`] = `
[
  {
    "blocks": [
      {
        "kind": "para",
        "text": "Items raised in the last 7 days and still not settled, by the day they were raised.",
      },
      {
        "columns": [
          {
            "label": "City",
          },
          {
            "align": "right",
            "label": "24 Jul",
          },
          {
            "align": "right",
            "label": "25 Jul",
          },
          {
            "align": "right",
            "label": "26 Jul",
          },
          {
            "align": "right",
            "label": "27 Jul",
          },
          {
            "align": "right",
            "label": "28 Jul",
          },
          {
            "align": "right",
            "label": "Total",
          },
        ],
        "kind": "table",
        "rows": [
          [
            {
              "strong": true,
              "text": "Delhi",
            },
            {
              "align": "right",
              "heat": 4,
              "text": "12",
            },
            {
              "align": "right",
              "heat": 0,
              "text": "0",
            },
            {
              "align": "right",
              "heat": 1,
              "text": "1",
            },
            {
              "align": "right",
              "heat": 0,
              "text": "0",
            },
            {
              "align": "right",
              "heat": 1,
              "text": "1",
            },
            {
              "align": "right",
              "strong": true,
              "text": "14",
              "tone": "danger",
            },
          ],
          [
            {
              "strong": true,
              "text": "Bangalore",
            },
            {
              "align": "right",
              "heat": 1,
              "text": "3",
            },
            {
              "align": "right",
              "heat": 1,
              "text": "1",
            },
            {
              "align": "right",
              "heat": 0,
              "text": "0",
            },
            {
              "align": "right",
              "heat": 1,
              "text": "2",
            },
            {
              "align": "right",
              "heat": 0,
              "text": "0",
            },
            {
              "align": "right",
              "strong": true,
              "text": "6",
              "tone": "danger",
            },
          ],
          [
            {
              "strong": true,
              "text": "Pune",
            },
            {
              "align": "right",
              "heat": 0,
              "text": "0",
            },
            {
              "align": "right",
              "heat": 0,
              "text": "0",
            },
            {
              "align": "right",
              "heat": 1,
              "text": "3",
            },
            {
              "align": "right",
              "heat": 0,
              "text": "0",
            },
            {
              "align": "right",
              "heat": 0,
              "text": "0",
            },
            {
              "align": "right",
              "strong": true,
              "text": "3",
              "tone": "danger",
            },
          ],
          [
            {
              "text": "All cities",
              "tone": "muted",
            },
            {
              "align": "right",
              "strong": true,
              "text": "15",
              "tone": "muted",
            },
            {
              "align": "right",
              "strong": true,
              "text": "1",
              "tone": "muted",
            },
            {
              "align": "right",
              "strong": true,
              "text": "4",
              "tone": "muted",
            },
            {
              "align": "right",
              "strong": true,
              "text": "2",
              "tone": "muted",
            },
            {
              "align": "right",
              "strong": true,
              "text": "1",
              "tone": "muted",
            },
            {
              "align": "right",
              "strong": true,
              "text": "23",
            },
          ],
        ],
      },
    ],
    "id": "ageing",
    "title": "1 · Open more than two days",
  },
  {
    "blocks": [
      {
        "kind": "para",
        "strong": true,
        "text": "Delhi · 150 moved",
      },
      {
        "columns": [
          {
            "label": "Guard",
            "width": "12%",
          },
          {
            "label": "Sheet",
            "width": "12%",
          },
          {
            "label": "DT",
            "width": "7%",
          },
          {
            "label": "Odoo",
            "width": "11%",
          },
          {
            "align": "right",
            "label": "Count",
            "width": "13%",
          },
          {
            "label": "What it means",
            "width": "45%",
          },
        ],
        "kind": "table",
        "rows": [
          [
            {
              "text": "✗",
              "tone": "danger",
            },
            {
              "text": "✓",
              "tone": "good",
            },
            {
              "text": "✓",
              "tone": "good",
            },
            {
              "text": "✓",
              "tone": "good",
            },
            {
              "align": "right",
              "strong": true,
              "text": "62/150",
              "tone": "warn",
            },
            {
              "text": "Guard post not logging",
              "tone": "normal",
            },
          ],
          [
            {
              "text": "✗",
              "tone": "danger",
            },
            {
              "text": "✗",
              "tone": "danger",
            },
            {
              "text": "✗",
              "tone": "danger",
            },
            {
              "text": "✓",
              "tone": "good",
            },
            {
              "align": "right",
              "strong": true,
              "text": "36/150",
              "tone": "warn",
            },
            {
              "text": "Only Odoo has it — off-system?",
              "tone": "normal",
            },
          ],
          [
            {
              "text": "✗",
              "tone": "danger",
            },
            {
              "text": "✓",
              "tone": "good",
            },
            {
              "text": "✗",
              "tone": "danger",
            },
            {
              "text": "✓",
              "tone": "good",
            },
            {
              "align": "right",
              "strong": true,
              "text": "29/150",
              "tone": "warn",
            },
            {
              "text": "Guard + DT both skipped",
              "tone": "normal",
            },
          ],
          [
            {
              "text": "✓",
              "tone": "good",
            },
            {
              "text": "✓",
              "tone": "good",
            },
            {
              "text": "✓",
              "tone": "good",
            },
            {
              "text": "✓",
              "tone": "good",
            },
            {
              "align": "right",
              "strong": true,
              "text": "23/150",
              "tone": "good",
            },
            {
              "text": "All clear",
              "tone": "good",
            },
          ],
        ],
      },
      {
        "kind": "para",
        "strong": true,
        "text": "Bangalore · 131 moved",
      },
      {
        "columns": [
          {
            "label": "Guard",
            "width": "12%",
          },
          {
            "label": "Sheet",
            "width": "12%",
          },
          {
            "label": "DT",
            "width": "7%",
          },
          {
            "label": "Odoo",
            "width": "11%",
          },
          {
            "align": "right",
            "label": "Count",
            "width": "13%",
          },
          {
            "label": "What it means",
            "width": "45%",
          },
        ],
        "kind": "table",
        "rows": [
          [
            {
              "text": "✗",
              "tone": "danger",
            },
            {
              "text": "✓",
              "tone": "good",
            },
            {
              "text": "✓",
              "tone": "good",
            },
            {
              "text": "✓",
              "tone": "good",
            },
            {
              "align": "right",
              "strong": true,
              "text": "56/131",
              "tone": "warn",
            },
            {
              "text": "Guard post not logging",
              "tone": "normal",
            },
          ],
          [
            {
              "text": "✓",
              "tone": "good",
            },
            {
              "text": "✓",
              "tone": "good",
            },
            {
              "text": "✓",
              "tone": "good",
            },
            {
              "text": "✓",
              "tone": "good",
            },
            {
              "align": "right",
              "strong": true,
              "text": "39/131",
              "tone": "good",
            },
            {
              "text": "All clear",
              "tone": "good",
            },
          ],
          [
            {
              "text": "✗",
              "tone": "danger",
            },
            {
              "text": "✓",
              "tone": "good",
            },
            {
              "text": "✗",
              "tone": "danger",
            },
            {
              "text": "✓",
              "tone": "good",
            },
            {
              "align": "right",
              "strong": true,
              "text": "18/131",
              "tone": "warn",
            },
            {
              "text": "Guard + DT both skipped",
              "tone": "normal",
            },
          ],
          [
            {
              "text": "✓",
              "tone": "good",
            },
            {
              "text": "✗",
              "tone": "danger",
            },
            {
              "text": "✗",
              "tone": "danger",
            },
            {
              "text": "✗",
              "tone": "danger",
            },
            {
              "align": "right",
              "strong": true,
              "text": "18/131",
              "tone": "warn",
            },
            {
              "text": "Only the guard saw it",
              "tone": "normal",
            },
          ],
        ],
      },
      {
        "kind": "para",
        "text": "Bangalore logs almost nothing arriving: 0 of 64 reach all four, against 39 of 67 the other way.",
        "tone": "warn",
      },
      {
        "kind": "para",
        "strong": true,
        "text": "Hyderabad · 31 moved",
      },
      {
        "kind": "para",
        "text": "Guard and Sheet did not file today — those columns are blank, not a miss.",
        "tone": "muted",
      },
      {
        "columns": [
          {
            "label": "Guard",
            "width": "12%",
          },
          {
            "label": "Sheet",
            "width": "12%",
          },
          {
            "label": "DT",
            "width": "7%",
          },
          {
            "label": "Odoo",
            "width": "11%",
          },
          {
            "align": "right",
            "label": "Count",
            "width": "13%",
          },
          {
            "label": "What it means",
            "width": "45%",
          },
        ],
        "kind": "table",
        "rows": [
          [
            {
              "text": "–",
              "tone": "muted",
            },
            {
              "text": "–",
              "tone": "muted",
            },
            {
              "text": "✓",
              "tone": "good",
            },
            {
              "text": "✓",
              "tone": "good",
            },
            {
              "align": "right",
              "strong": true,
              "text": "20/31",
              "tone": "warn",
            },
            {
              "text": "In every book that filed",
              "tone": "normal",
            },
          ],
          [
            {
              "text": "–",
              "tone": "muted",
            },
            {
              "text": "–",
              "tone": "muted",
            },
            {
              "text": "✗",
              "tone": "danger",
            },
            {
              "text": "✓",
              "tone": "good",
            },
            {
              "align": "right",
              "strong": true,
              "text": "11/31",
              "tone": "warn",
            },
            {
              "text": "Missing from DT",
              "tone": "normal",
            },
          ],
        ],
      },
    ],
    "id": "coverage",
    "title": "2 · Four-way check",
  },
  {
    "blocks": [
      {
        "href": "https://auto-reco.vercel.app/dashboard",
        "kind": "cta",
        "label": "View in dashboard",
      },
    ],
    "id": "link",
  },
]
`;
